[      91ms] [LOG] Platform: mac_m1 @ https://cdn.jsdelivr.net/npm/@tanay-wispr/webflow-package@6.6.1/dist/global.js:1
[     253ms] [LOG] Next Play User: false @ https://cdn.jsdelivr.net/npm/@tanay-wispr/webflow-package@6.6.1/dist/global.js:1
[    1366ms] [WARNING] Blocked message from unauthorized origin: https://wisprflow.ai @ https://ph.wisprflow.ai/static/posthog-recorder.js?v=1.372.10:0
[    1367ms] [WARNING] Blocked message from unauthorized origin: https://wisprflow.ai @ https://ph.wisprflow.ai/static/posthog-recorder.js?v=1.372.10:0
[    1367ms] [WARNING] Blocked message from unauthorized origin: https://wisprflow.ai @ https://ph.wisprflow.ai/static/posthog-recorder.js?v=1.372.10:0
[    1367ms] [WARNING] Blocked message from unauthorized origin: https://wisprflow.ai @ https://ph.wisprflow.ai/static/posthog-recorder.js?v=1.372.10:0
[    1367ms] [WARNING] Blocked message from unauthorized origin: https://wisprflow.ai @ https://ph.wisprflow.ai/static/posthog-recorder.js?v=1.372.10:0
[    1367ms] [WARNING] Blocked message from unauthorized origin: https://wisprflow.ai @ https://ph.wisprflow.ai/static/posthog-recorder.js?v=1.372.10:0
[    1367ms] [WARNING] Blocked message from unauthorized origin: https://wisprflow.ai @ https://ph.wisprflow.ai/static/posthog-recorder.js?v=1.372.10:0
[    1367ms] [WARNING] Blocked message from unauthorized origin: https://wisprflow.ai @ https://ph.wisprflow.ai/static/posthog-recorder.js?v=1.372.10:0
[    1531ms] [WARNING] Blocked message from unauthorized origin: https://wisprflow.ai @ https://ph.wisprflow.ai/static/posthog-recorder.js?v=1.372.10:0
[    1531ms] [WARNING] Blocked message from unauthorized origin: https://wisprflow.ai @ https://ph.wisprflow.ai/static/posthog-recorder.js?v=1.372.10:0
[    1532ms] [WARNING] Blocked message from unauthorized origin: https://wisprflow.ai @ https://ph.wisprflow.ai/static/posthog-recorder.js?v=1.372.10:0
[    1532ms] [WARNING] Blocked message from unauthorized origin: https://wisprflow.ai @ https://ph.wisprflow.ai/static/posthog-recorder.js?v=1.372.10:0
[    1533ms] [WARNING] Blocked message from unauthorized origin: https://wisprflow.ai @ https://ph.wisprflow.ai/static/posthog-recorder.js?v=1.372.10:0
[    1540ms] [WARNING] Blocked message from unauthorized origin: https://wisprflow.ai @ https://ph.wisprflow.ai/static/posthog-recorder.js?v=1.372.10:0
[    1540ms] [WARNING] Blocked message from unauthorized origin: https://wisprflow.ai @ https://ph.wisprflow.ai/static/posthog-recorder.js?v=1.372.10:0
[    1540ms] [WARNING] Blocked message from unauthorized origin: https://wisprflow.ai @ https://ph.wisprflow.ai/static/posthog-recorder.js?v=1.372.10:0
[    1852ms] [LOG] Platform: mac_m1 @ https://cdn.jsdelivr.net/npm/@tanay-wispr/webflow-package@6.6.1/dist/global.js:1
[    1880ms] [LOG] Next Play User: false @ https://cdn.jsdelivr.net/npm/@tanay-wispr/webflow-package@6.6.1/dist/global.js:1
[    1881ms] [VERBOSE] [DOM] Input elements should have autocomplete attributes (suggested: "username"): (More info: https://goo.gl/9p2vKq) %o @ https://wisprflow.ai/get-started?shortlink=website&c=Website%20Overall&pid=Website%20&af_xp=custom&source_caller=ui:0
[    2174ms] [WARNING] Blocked message from unauthorized origin: https://wisprflow.ai @ https://import-cdn.default.com/gtm.js:0
[    2174ms] [WARNING] Blocked message from unauthorized origin: https://wisprflow.ai @ https://import-cdn.default.com/gtm.js:0
[    2175ms] [WARNING] Blocked message from unauthorized origin: https://wisprflow.ai @ https://import-cdn.default.com/gtm.js:0
[    2175ms] [WARNING] Blocked message from unauthorized origin: https://wisprflow.ai @ https://import-cdn.default.com/gtm.js:0
[    2175ms] [WARNING] Blocked message from unauthorized origin: https://wisprflow.ai @ https://import-cdn.default.com/gtm.js:0
[    2175ms] [WARNING] Blocked message from unauthorized origin: https://wisprflow.ai @ https://import-cdn.default.com/gtm.js:0
[    2175ms] [WARNING] Blocked message from unauthorized origin: https://wisprflow.ai @ https://import-cdn.default.com/gtm.js:0
[    2175ms] [WARNING] Blocked message from unauthorized origin: https://wisprflow.ai @ https://import-cdn.default.com/gtm.js:0
[    2497ms] [WARNING] Blocked message from unauthorized origin: https://newassets.hcaptcha.com @ https://import-cdn.default.com/gtm.js:0
[    2497ms] [WARNING] Blocked message from unauthorized origin: https://newassets.hcaptcha.com @ https://import-cdn.default.com/gtm.js:0
[    2497ms] [WARNING] Blocked message from unauthorized origin: https://newassets.hcaptcha.com @ https://import-cdn.default.com/gtm.js:0
[    2497ms] [WARNING] Blocked message from unauthorized origin: https://newassets.hcaptcha.com @ https://import-cdn.default.com/gtm.js:0
[    2531ms] [WARNING] Blocked message from unauthorized origin: https://newassets.hcaptcha.com @ https://import-cdn.default.com/gtm.js:0
[    2531ms] [WARNING] Blocked message from unauthorized origin: https://newassets.hcaptcha.com @ https://import-cdn.default.com/gtm.js:0
[    2573ms] [WARNING] Blocked message from unauthorized origin: https://newassets.hcaptcha.com @ https://import-cdn.default.com/gtm.js:0
[    2574ms] [WARNING] Blocked message from unauthorized origin: https://newassets.hcaptcha.com @ https://import-cdn.default.com/gtm.js:0
[    2684ms] [WARNING] Blocked message from unauthorized origin: https://wisprflow.ai @ https://ph.wisprflow.ai/static/posthog-recorder.js?v=1.372.10:0
[    4976ms] [WARNING] Blocked message from unauthorized origin: https://wisprflow.ai @ https://ph.wisprflow.ai/static/posthog-recorder.js?v=1.372.10:0
[    4991ms] [WARNING] Blocked message from unauthorized origin: https://wisprflow.ai @ https://ph.wisprflow.ai/static/posthog-recorder.js?v=1.372.10:0
[    4992ms] [WARNING] AhrefsAnalytics script is already initialized, exiting... Did you install it twice? Please fix. @ https://ph.wisprflow.ai/static/posthog-recorder.js?v=1.372.10:0
[    6074ms] [WARNING] GSAP target  not found. https://gsap.com @ https://ph.wisprflow.ai/static/posthog-recorder.js?v=1.372.10:0
[    8208ms] [LOG] Signed in with Microsoft @ https://ph.wisprflow.ai/static/posthog-recorder.js?v=1.372.10:0
[    8212ms] [WARNING] Blocked message from unauthorized origin: https://wisprflow.ai @ https://ph.wisprflow.ai/static/posthog-recorder.js?v=1.372.10:0
[    8216ms] [WARNING] Blocked message from unauthorized origin: https://wisprflow.ai @ https://ph.wisprflow.ai/static/posthog-recorder.js?v=1.372.10:0
[    8603ms] [INFO] BSSO Telemetry: {"result":"Error","error":"NoExtension","type":"ChromeSsoTelemetry","data":{},"traces":["BrowserSSO Initialized","Creating ChromeBrowserCore provider","Sending message for method CreateProviderAsync","Received message for method CreateProviderAsync","Error: ChromeBrowserCore error NoExtension: Extension is not installed."]} @ https://aadcdn.msauth.net/shared/1.0/content/js/BssoInterrupt_Core_9GPLBwek-swGv_tRKLyCgw2.js:17
[    8696ms] [ERROR] Failed to load resource: the server responded with a status of 404 () @ https://login.microsoftonline.com/favicon.ico:0
[    9219ms] [LOG] true @ https://login.live.com/Me.htm?v=3:0
[    9219ms] [LOG] Storage access: true @ https://login.live.com/Me.htm?v=3:0
[    9434ms] [VERBOSE] [DOM] Input elements should have autocomplete attributes (suggested: "current-password"): (More info: https://goo.gl/9p2vKq) %o @ https://login.microsoftonline.com/common/oauth2/v2.0/authorize?client_id=42780097-e712-4f32-94c4-f57baf82b8c8&redirect_to=https%3A%2F%2Fwisprflow.ai%2Fdownloads&redirect_uri=https%3A%2F%2Fauth.wisprflow.com%2Fauth%2Fv1%2Fcallback&response_type=code&scope=openid+email+openid+profile&state=e91c1506-c5f2-4f51-8978-2960bb005127&sso_reload=true:0
[   10574ms] [LOG] Platform: mac_m1 @ https://cdn.jsdelivr.net/npm/@tanay-wispr/webflow-package@6.6.1/dist/global.js:1
[   10578ms] [LOG] Next Play User: false @ https://cdn.jsdelivr.net/npm/@tanay-wispr/webflow-package@6.6.1/dist/global.js:1
[   10579ms] [VERBOSE] [DOM] Input elements should have autocomplete attributes (suggested: "username"): (More info: https://goo.gl/9p2vKq) %o @ https://wisprflow.ai/get-started?shortlink=website&c=Website%20Overall&pid=Website%20&af_xp=custom&source_caller=ui:0
[   10643ms] [ERROR] Cross-Origin-Opener-Policy policy would block the window.postMessage call. @ https://www.googletagmanager.com/gtm.js?id=GTM-N8JTW8TQ:837
[   10643ms] [ERROR] Cross-Origin-Opener-Policy policy would block the window.postMessage call. @ https://www.googletagmanager.com/gtm.js?id=GTM-N8JTW8TQ:837
[   10846ms] [WARNING] Blocked message from unauthorized origin: https://wisprflow.ai @ https://ph.wisprflow.ai/static/posthog-recorder.js?v=1.372.10:0
[   10846ms] [WARNING] Blocked message from unauthorized origin: https://wisprflow.ai @ https://ph.wisprflow.ai/static/posthog-recorder.js?v=1.372.10:0
[   10847ms] [WARNING] Blocked message from unauthorized origin: https://wisprflow.ai @ https://ph.wisprflow.ai/static/posthog-recorder.js?v=1.372.10:0
[   10847ms] [WARNING] Blocked message from unauthorized origin: https://wisprflow.ai @ https://ph.wisprflow.ai/static/posthog-recorder.js?v=1.372.10:0
[   10847ms] [WARNING] Blocked message from unauthorized origin: https://wisprflow.ai @ https://ph.wisprflow.ai/static/posthog-recorder.js?v=1.372.10:0
[   10847ms] [WARNING] Blocked message from unauthorized origin: https://wisprflow.ai @ https://ph.wisprflow.ai/static/posthog-recorder.js?v=1.372.10:0
[   10847ms] [WARNING] Blocked message from unauthorized origin: https://wisprflow.ai @ https://ph.wisprflow.ai/static/posthog-recorder.js?v=1.372.10:0
[   10847ms] [WARNING] Blocked message from unauthorized origin: https://wisprflow.ai @ https://ph.wisprflow.ai/static/posthog-recorder.js?v=1.372.10:0
[   10899ms] [WARNING] Blocked message from unauthorized origin: https://newassets.hcaptcha.com @ https://ph.wisprflow.ai/static/posthog-recorder.js?v=1.372.10:0
[   10900ms] [WARNING] Blocked message from unauthorized origin: https://newassets.hcaptcha.com @ https://ph.wisprflow.ai/static/posthog-recorder.js?v=1.372.10:0
[   11005ms] [WARNING] Blocked message from unauthorized origin: https://wisprflow.ai @ https://ph.wisprflow.ai/static/posthog-recorder.js?v=1.372.10:0
[   11778ms] [LOG] Signed in with Google @ https://ph.wisprflow.ai/static/posthog-recorder.js?v=1.372.10:0
[   11782ms] [WARNING] Blocked message from unauthorized origin: https://wisprflow.ai @ https://ph.wisprflow.ai/static/posthog-recorder.js?v=1.372.10:0
[   11784ms] [WARNING] Blocked message from unauthorized origin: https://wisprflow.ai @ https://ph.wisprflow.ai/static/posthog-recorder.js?v=1.372.10:0
[   12316ms] [VERBOSE] [DOM] Password field is not contained in a form: (More info: https://goo.gl/9p2vKq) %o @ https://accounts.google.com/v3/signin/identifier?opparams=%253Fredirect_to%253Dhttps%25253A%25252F%25252Fwisprflow.ai%25252Fdownloads&dsh=S-1187419750%3A1778295264284627&client_id=271463082802-nfoc94ci7nbmkoarkhre34gqglikbe1q.apps.googleusercontent.com&o2v=2&redirect_uri=https%3A%2F%2Fauth.wisprflow.com%2Fauth%2Fv1%2Fcallback&response_type=code&scope=email+profile&service=lso&state=91b8e925-b50d-4682-a588-282c3a4110dc&flowName=GeneralOAuthFlow&continue=https%3A%2F%2Faccounts.google.com%2Fsignin%2Foauth%2Fconsent%3Fauthuser%3Dunknown%26part%3DAJi8hAMAbyUxWEWZKdYAIPWQb5yn6ofWb8IudELwPFtiXw_6qKdLxBYaMfnyYOjaLnVg17yJfQEnjOJf9fApDHZvLgmSNNDsnJt_zRJvgOD_3GIzUHFdLsKHfywd9Uj3ER8e2GsAMpUiLZn--FiRJ0rA-xRXYBJ0T1MaUZ25atpuUl23iC06jbQHFsnKRj06GxMbFrtGCKYttkkP-IVd604bsscHOuEuYIL2LifNSnRluOsSXEav6TjMk06pfVJPYEQV8qDZwvMdR23uqhZdg4nnAOWyRe8UN0-j66sAtblA-ATIlh2QuShctF2ijp2BZtLuPyjSVq6NxiG6qat7SV4jdMCO49zJTbT8dZSuMbDTszhnrlF1fpYYqk-MedF2mCBXWGpb3Rj1-7OcgTmc9EtXdbm-doz3Xn1bLEf_srvw6h73F-gD3ddJ11Fanlh61XZmyZZttluDUtwbUC5GdbDWPZHJ4L9Iog%26flowName%3DGeneralOAuthFlow%26as%3DS-1187419750%253A1778295264284627%26client_id%3D271463082802-nfoc94ci7nbmkoarkhre34gqglikbe1q.apps.googleusercontent.com%26requestPath%3D%252Fsignin%252Foauth%252Fconsent%23&app_domain=https%3A%2F%2Fauth.wisprflow.com&rart=ANgoxceUVFPH8QW-_PQNFYr5vJ4q2RRW8Y_tl7ItP34hGulTCznJFjPjwFbxzTBk5rCDhooueN9FSZgbKq76f08pdXg2ClRyJeu5CgYna6mzIsFrXoLSvBw:0
[   12321ms] [LOG] %c%s color: red; background: yellow; font-size: 24px; WARNING! @ https://www.gstatic.com/_/mss/boq-identity/_/js/k=boq-identity.AccountsSignInUi.en_US.n7L1AKtevvQ.es5.O/am=iW8AAIBQiIKQAcD4_79JAAIgiBp4PQtAE4gMAAAAAAAAAABYAgAAjQ/d=1/excm=_b,_tp,identifierview/ed=1/dg=0/wt=2/ujg=1/rs=AOaEmlFJwOZxBz2bMW1KIIvw5Y5CMhXy0A/dti=1/m=_b,_tp:541
[   12321ms] [LOG] %c%s font-size: 18px; Using this console may allow attackers to impersonate you and steal your information using an attack called Self-XSS.
Do not enter or paste code that you do not understand. @ https://www.gstatic.com/_/mss/boq-identity/_/js/k=boq-identity.AccountsSignInUi.en_US.n7L1AKtevvQ.es5.O/am=iW8AAIBQiIKQAcD4_79JAAIgiBp4PQtAE4gMAAAAAAAAAABYAgAAjQ/d=1/excm=_b,_tp,identifierview/ed=1/dg=0/wt=2/ujg=1/rs=AOaEmlFJwOZxBz2bMW1KIIvw5Y5CMhXy0A/dti=1/m=_b,_tp:541
[   14929ms] [LOG] Platform: mac_m1 @ https://cdn.jsdelivr.net/npm/@tanay-wispr/webflow-package@6.6.1/dist/global.js:1
[   14932ms] [LOG] Next Play User: false @ https://cdn.jsdelivr.net/npm/@tanay-wispr/webflow-package@6.6.1/dist/global.js:1
[   14933ms] [VERBOSE] [DOM] Input elements should have autocomplete attributes (suggested: "username"): (More info: https://goo.gl/9p2vKq) %o @ https://wisprflow.ai/get-started?shortlink=website&c=Website%20Overall&pid=Website%20&af_xp=custom&source_caller=ui:0
[   15006ms] [ERROR] Cross-Origin-Opener-Policy policy would block the window.postMessage call. @ https://www.googletagmanager.com/gtm.js?id=GTM-N8JTW8TQ:837
[   15006ms] [ERROR] Cross-Origin-Opener-Policy policy would block the window.postMessage call. @ https://www.googletagmanager.com/gtm.js?id=GTM-N8JTW8TQ:837
[   15187ms] [WARNING] Blocked message from unauthorized origin: https://newassets.hcaptcha.com @ https://ph.wisprflow.ai/static/posthog-recorder.js?v=1.372.10:0
[   15222ms] [WARNING] Blocked message from unauthorized origin: https://wisprflow.ai @ https://ph.wisprflow.ai/static/posthog-recorder.js?v=1.372.10:0
[   15222ms] [WARNING] Blocked message from unauthorized origin: https://wisprflow.ai @ https://ph.wisprflow.ai/static/posthog-recorder.js?v=1.372.10:0
[   15222ms] [WARNING] Blocked message from unauthorized origin: https://wisprflow.ai @ https://ph.wisprflow.ai/static/posthog-recorder.js?v=1.372.10:0
[   15222ms] [WARNING] Blocked message from unauthorized origin: https://wisprflow.ai @ https://ph.wisprflow.ai/static/posthog-recorder.js?v=1.372.10:0
[   15223ms] [WARNING] Blocked message from unauthorized origin: https://wisprflow.ai @ https://ph.wisprflow.ai/static/posthog-recorder.js?v=1.372.10:0
[   15223ms] [WARNING] Blocked message from unauthorized origin: https://wisprflow.ai @ https://ph.wisprflow.ai/static/posthog-recorder.js?v=1.372.10:0
[   15223ms] [WARNING] Blocked message from unauthorized origin: https://wisprflow.ai @ https://ph.wisprflow.ai/static/posthog-recorder.js?v=1.372.10:0
[   15223ms] [WARNING] Blocked message from unauthorized origin: https://wisprflow.ai @ https://ph.wisprflow.ai/static/posthog-recorder.js?v=1.372.10:0
[   15255ms] [WARNING] Blocked message from unauthorized origin: https://newassets.hcaptcha.com @ https://ph.wisprflow.ai/static/posthog-recorder.js?v=1.372.10:0
[   15619ms] [WARNING] Blocked message from unauthorized origin: https://wisprflow.ai @ https://ph.wisprflow.ai/static/posthog-recorder.js?v=1.372.10:0
[   16229ms] [LOG] Signed in with Apple @ https://ph.wisprflow.ai/static/posthog-recorder.js?v=1.372.10:0
[   16233ms] [WARNING] Blocked message from unauthorized origin: https://wisprflow.ai @ https://ph.wisprflow.ai/static/posthog-recorder.js?v=1.372.10:0
[   16237ms] [WARNING] Blocked message from unauthorized origin: https://wisprflow.ai @ https://ph.wisprflow.ai/static/posthog-recorder.js?v=1.372.10:0
[   17065ms] [VERBOSE] [DOM] Password field is not contained in a form: (More info: https://goo.gl/9p2vKq) %o @ https://appleid.apple.com/auth/authorize?client_id=com.flowvoice.api&redirect_uri=https%3A%2F%2Fauth.wisprflow.com%2Fauth%2Fv1%2Fcallback&response_mode=form_post&response_type=code&scope=email+name&state=9d6efd66-a1b6-46ef-87f0-9b6e6403c83d:0
