[98391493ms] [ERROR] Failed to load resource: net::ERR_CONNECTION_RESET @ https://www.readreceipt.io/api/changes/recent?min_severity=1&since=2026-05-09T06%3A57%3A50.566Z&limit=500:0
[98726882ms] [ERROR] Failed to load resource: net::ERR_CONNECTION_RESET @ https://www.readreceipt.io/api/changes/recent?min_severity=1&since=2026-05-09T07%3A03%3A48.015Z&limit=500:0
[100135248ms] [ERROR] Failed to load resource: net::ERR_CONNECTION_RESET @ https://www.readreceipt.io/api/changes/recent?min_severity=1&since=2026-05-09T07%3A27%3A25.218Z&limit=500:0
[100760785ms] [ERROR] Failed to load resource: net::ERR_HTTP2_PING_FAILED @ https://www.readreceipt.io/api/changes/recent?min_severity=1&since=2026-05-09T07%3A37%3A52.844Z&limit=500:0
[100791436ms] [ERROR] Failed to load resource: net::ERR_TIMED_OUT @ https://www.readreceipt.io/api/articles?min_severity=3&since=2026-05-03T07%3A38%3A06.795Z:0
[111369781ms] [ERROR] Failed to load resource: net::ERR_CONNECTION_RESET @ https://www.readreceipt.io/api/changes/recent?min_severity=1&since=2026-05-09T10%3A34%3A36.552Z&limit=500:0
[111429822ms] [ERROR] Failed to load resource: net::ERR_CONNECTION_RESET @ https://www.readreceipt.io/api/stats?min_severity=1&since=2026-05-09T10%3A35%3A05.989Z:0
[111429830ms] [ERROR] Failed to load resource: net::ERR_CONNECTION_RESET @ https://www.readreceipt.io/api/articles?min_severity=3&since=2026-05-03T10%3A35%3A06.996Z:0
[111429830ms] [ERROR] Failed to load resource: net::ERR_CONNECTION_RESET @ https://www.readreceipt.io/api/articles/3275:0
[112274701ms] [ERROR] Failed to load resource: net::ERR_CONNECTION_RESET @ https://www.readreceipt.io/api/articles/3275:0
[112292959ms] [ERROR] Failed to load resource: net::ERR_CONNECTION_RESET @ https://www.readreceipt.io/api/changes/recent?min_severity=1&since=2026-05-09T10%3A49%3A39.854Z&limit=500:0
[112292965ms] [ERROR] Failed to load resource: net::ERR_CONNECTION_RESET @ https://www.readreceipt.io/api/stats?min_severity=1&since=2026-05-09T10%3A49%3A55.410Z:0
[112292965ms] [ERROR] Failed to load resource: net::ERR_CONNECTION_RESET @ https://www.readreceipt.io/api/articles?min_severity=3&since=2026-05-03T10%3A49%3A39.740Z:0
[112648865ms] [ERROR] Failed to load resource: net::ERR_CONNECTION_RESET @ https://www.readreceipt.io/api/articles/3275:0
[113849655ms] [ERROR] Failed to load resource: net::ERR_CONNECTION_RESET @ https://www.readreceipt.io/api/changes/recent?min_severity=1&since=2026-05-09T11%3A15%3A39.707Z&limit=500:0
[114366618ms] [ERROR] Failed to load resource: net::ERR_CONNECTION_RESET @ https://www.readreceipt.io/api/articles/3275:0
[114699036ms] [ERROR] Failed to load resource: net::ERR_CONNECTION_RESET @ https://www.readreceipt.io/api/articles?min_severity=3&since=2026-05-03T11%3A30%3A07.039Z:0
[114731909ms] [ERROR] Failed to load resource: net::ERR_CONNECTION_RESET @ https://www.readreceipt.io/api/changes/recent?min_severity=1&since=2026-05-09T11%3A30%3A07.140Z&limit=500:0
[114879513ms] [ERROR] Failed to load resource: net::ERR_CONNECTION_RESET @ https://www.readreceipt.io/api/changes/recent?min_severity=1&since=2026-05-09T11%3A33%3A08.087Z&limit=500:0
[114927336ms] [ERROR] Failed to load resource: net::ERR_CONNECTION_RESET @ https://www.readreceipt.io/api/stats?min_severity=1&since=2026-05-09T11%3A33%3A08.373Z:0
[114927346ms] [ERROR] Failed to load resource: net::ERR_CONNECTION_RESET @ https://www.readreceipt.io/api/articles?min_severity=3&since=2026-05-03T11%3A33%3A35.277Z:0
[114927353ms] [ERROR] Failed to load resource: net::ERR_CONNECTION_RESET @ https://www.readreceipt.io/api/articles/3275:0
[115348771ms] [ERROR] Failed to load resource: net::ERR_CONNECTION_RESET @ https://www.readreceipt.io/api/changes/recent?min_severity=1&since=2026-05-09T11%3A40%3A36.307Z&limit=500:0
[115534066ms] [ERROR] Failed to load resource: net::ERR_CONNECTION_RESET @ https://www.readreceipt.io/api/articles?min_severity=3&since=2026-05-03T11%3A43%3A36.760Z:0
[126729157ms] [ERROR] Failed to load resource: net::ERR_CONNECTION_RESET @ https://www.readreceipt.io/api/articles/3275:0
[126766542ms] [ERROR] Failed to load resource: net::ERR_CONNECTION_RESET @ https://www.readreceipt.io/api/articles?min_severity=3&since=2026-05-03T14%3A50%3A51.221Z:0
[126766546ms] [ERROR] Failed to load resource: net::ERR_CONNECTION_RESET @ https://www.readreceipt.io/api/stats?min_severity=1&since=2026-05-09T14%3A50%3A52.746Z:0
[126766547ms] [ERROR] Failed to load resource: net::ERR_CONNECTION_RESET @ https://www.readreceipt.io/api/changes/recent?min_severity=1&since=2026-05-09T14%3A51%3A01.020Z&limit=500:0
